// Jest Snapshot v1, https://goo.gl/fbAQLP

exports[`TextFieldInput Should render TextFieldInput 1`] = `
Object {
  "asFragment": [Function],
  "baseElement": <body>
    <div>
      <div
        class="baseClass-box MuiBox-root css-1nylpq2"
      >
        <div
          class="MuiFormControl-root MuiTextField-root css-1u3bzj6-MuiFormControl-root-MuiTextField-root"
        >
          <label
            class="MuiInputLabel-root MuiInputLabel-formControl MuiInputLabel-animated MuiInputLabel-standard MuiFormLabel-root MuiFormLabel-colorPrimary css-aqpgxn-MuiFormLabel-root-MuiInputLabel-root"
            data-shrink="false"
            for="mui-1"
            id="mui-1-label"
          >
            label
          </label>
          <div
            class="MuiInput-root MuiInput-underline MuiInputBase-root MuiInputBase-colorPrimary MuiInputBase-formControl css-1480iag-MuiInputBase-root-MuiInput-root"
          >
            <input
              aria-invalid="false"
              class="MuiInput-input MuiInputBase-input css-1x51dt5-MuiInputBase-input-MuiInput-input"
              id="mui-1"
              type="text"
              value=""
            />
          </div>
        </div>
      </div>
    </div>
  </body>,
  "container": <div>
    <div
      class="baseClass-box MuiBox-root css-1nylpq2"
    >
      <div
        class="MuiFormControl-root MuiTextField-root css-1u3bzj6-MuiFormControl-root-MuiTextField-root"
      >
        <label
          class="MuiInputLabel-root MuiInputLabel-formControl MuiInputLabel-animated MuiInputLabel-standard MuiFormLabel-root MuiFormLabel-colorPrimary css-aqpgxn-MuiFormLabel-root-MuiInputLabel-root"
          data-shrink="false"
          for="mui-1"
          id="mui-1-label"
        >
          label
        </label>
        <div
          class="MuiInput-root MuiInput-underline MuiInputBase-root MuiInputBase-colorPrimary MuiInputBase-formControl css-1480iag-MuiInputBase-root-MuiInput-root"
        >
          <input
            aria-invalid="false"
            class="MuiInput-input MuiInputBase-input css-1x51dt5-MuiInputBase-input-MuiInput-input"
            id="mui-1"
            type="text"
            value=""
          />
        </div>
      </div>
    </div>
  </div>,
  "debug": [Function],
  "findAllByAltText": [Function],
  "findAllByDisplayValue": [Function],
  "findAllByLabelText": [Function],
  "findAllByPlaceholderText": [Function],
  "findAllByRole": [Function],
  "findAllByTestId": [Function],
  "findAllByText": [Function],
  "findAllByTitle": [Function],
  "findByAltText": [Function],
  "findByDisplayValue": [Function],
  "findByLabelText": [Function],
  "findByPlaceholderText": [Function],
  "findByRole": [Function],
  "findByTestId": [Function],
  "findByText": [Function],
  "findByTitle": [Function],
  "getAllByAltText": [Function],
  "getAllByDisplayValue": [Function],
  "getAllByLabelText": [Function],
  "getAllByPlaceholderText": [Function],
  "getAllByRole": [Function],
  "getAllByTestId": [Function],
  "getAllByText": [Function],
  "getAllByTitle": [Function],
  "getByAltText": [Function],
  "getByDisplayValue": [Function],
  "getByLabelText": [Function],
  "getByPlaceholderText": [Function],
  "getByRole": [Function],
  "getByTestId": [Function],
  "getByText": [Function],
  "getByTitle": [Function],
  "queryAllByAltText": [Function],
  "queryAllByDisplayValue": [Function],
  "queryAllByLabelText": [Function],
  "queryAllByPlaceholderText": [Function],
  "queryAllByRole": [Function],
  "queryAllByTestId": [Function],
  "queryAllByText": [Function],
  "queryAllByTitle": [Function],
  "queryByAltText": [Function],
  "queryByDisplayValue": [Function],
  "queryByLabelText": [Function],
  "queryByPlaceholderText": [Function],
  "queryByRole": [Function],
  "queryByTestId": [Function],
  "queryByText": [Function],
  "queryByTitle": [Function],
  "rerender": [Function],
  "unmount": [Function],
}
`;
